DEPRECATED: The legacy builder is deprecated and will be removed in a future release.
            Install the buildx component to build images with BuildKit:
            https://docs.docker.com/go/buildx/

Sending build context to Docker daemon  4.096kB
Step 1/7 : FROM debian:trixie
 ---> f324c7ff5432
Step 2/7 : RUN apt-get update && apt-get install -y --no-install-recommends     git ca-certificates meson ninja-build g++ pkg-config python3-venv     libssl-dev libboost-dev libboost-context-dev libboost-filesystem-dev     libboost-system-dev libboost-thread-dev libluajit-5.1-dev libcurl4-openssl-dev     libfstrm-dev libsnmp-dev libsodium-dev libcap-dev libsystemd-dev     curl bison flex ragel cargo rustc && rm -rf /var/lib/apt/lists/*
 ---> Running in a4170a27417e
Get:1 http://deb.debian.org/debian trixie InRelease [140 kB]
Get:2 http://deb.debian.org/debian trixie-updates InRelease [47.3 kB]
Get:3 http://deb.debian.org/debian-security trixie-security InRelease [43.4 kB]
Get:4 http://deb.debian.org/debian trixie/main arm64 Packages [9607 kB]
Get:5 http://deb.debian.org/debian trixie-updates/main arm64 Packages [4424 B]
Get:6 http://deb.debian.org/debian-security trixie-security/main arm64 Packages [252 kB]
Fetched 10.1 MB in 1s (8691 kB/s)
Reading package lists...
Reading package lists...
Building dependency tree...
Reading state information...
The following additional packages will be installed:
  binutils binutils-aarch64-linux-gnu binutils-common comerr-dev cpp cpp-14
  cpp-14-aarch64-linux-gnu cpp-aarch64-linux-gnu g++-14
  g++-14-aarch64-linux-gnu g++-aarch64-linux-gnu gcc gcc-14
  gcc-14-aarch64-linux-gnu gcc-aarch64-linux-gnu git-man krb5-multidev
  libasan8 libatomic1 libbinutils libboost-atomic1.83-dev
  libboost-atomic1.83.0 libboost-chrono1.83-dev libboost-chrono1.83.0t64
  libboost-context1.83-dev libboost-context1.83.0 libboost-date-time1.83-dev
  libboost-date-time1.83.0 libboost-filesystem1.83-dev
  libboost-filesystem1.83.0 libboost-serialization1.83-dev
  libboost-serialization1.83.0 libboost-system1.83-dev libboost-system1.83.0
  libboost-thread1.83-dev libboost-thread1.83.0 libboost1.83-dev libbrotli-dev
  libbrotli1 libc-dev-bin libc6-dev libcc1-0 libcom-err2 libcrypt-dev
  libctf-nobfd0 libctf0 libcurl3t64-gnutls libcurl4t64 libedit2 liberror-perl
  libevent-2.1-7t64 libexpat1 libffi8 libfstrm0 libgcc-14-dev
  libgdbm-compat4t64 libgdbm6t64 libgit2-1.9 libgmp-dev libgmpxx4ldbl
  libgnutls-dane0t64 libgnutls-openssl27t64 libgnutls28-dev libgnutls30t64
  libgomp1 libgprofng0 libgssapi-krb5-2 libgssrpc4t64 libhttp-parser2.9
  libhwasan0 libidn2-0 libidn2-dev libisl23 libitm1 libjansson4 libk5crypto3
  libkadm5clnt-mit12 libkadm5srv-mit12 libkdb5-10t64 libkeyutils1 libkrb5-3
  libkrb5-dev libkrb5support0 libldap-dev libldap2 libllvm19 liblsan0
  libluajit-5.1-2 libluajit-5.1-common libmariadb3 libmbedcrypto16
  libmbedtls21 libmbedx509-7 libmpc3 libmpfr6 libncursesw6
  libnetsnmptrapd40t64 libnghttp2-14 libnghttp2-dev libnghttp3-9
  libnghttp3-dev libngtcp2-16 libngtcp2-crypto-gnutls8 libp11-kit-dev
  libp11-kit0 libpci-dev libpci3 libperl5.40 libpkgconf3 libproc2-0 libpsl-dev
  libpsl5t64 libpython3-stdlib libpython3.13-minimal libpython3.13-stdlib
  libreadline8t64 librtmp-dev librtmp1 libsasl2-2 libsasl2-modules-db
  libsensors-config libsensors-dev libsensors5 libsframe1 libsnmp-base
  libsnmp40t64 libsodium23 libssh2-1-dev libssh2-1t64 libssl3t64
  libstd-rust-1.85 libstd-rust-dev libstdc++-14-dev libtasn1-6 libtasn1-6-dev
  libtsan2 libubsan1 libudev-dev libunbound8 libunistring5 libwrap0
  libwrap0-dev libxml2 libz3-4 libzstd-dev linux-libc-dev m4 mariadb-common
  media-types mysql-common netbase nettle-dev openssl openssl-provider-legacy
  pci.ids perl perl-modules-5.40 pkgconf pkgconf-bin procps python3
  python3-autocommand python3-inflect python3-jaraco.context
  python3-jaraco.functools python3-jaraco.text python3-minimal
  python3-more-itertools python3-pip-whl python3-pkg-resources
  python3-setuptools python3-setuptools-whl python3-typeguard
  python3-typing-extensions python3-zipp python3.13 python3.13-minimal
  python3.13-venv readline-common rpcsvc-proto zlib1g-dev
Suggested packages:
  binutils-doc gprofng-gui binutils-gold bison-doc cargo-doc doc-base cpp-doc
  gcc-14-locales cpp-14-doc build-essential flex-doc gcc-14-doc gcc-multilib
  make manpages-dev autoconf automake libtool gdb gcc-doc
  gdb-aarch64-linux-gnu gettext-base git-doc git-email git-gui gitk gitweb
  git-cvs git-mediawiki git-svn krb5-doc libboost-doc libboost1.83-doc
  libboost-container1.83-dev libboost-contract1.83-dev
  libboost-coroutine1.83-dev libboost-exception1.83-dev libboost-fiber1.83-dev
  libboost-graph-parallel1.83-dev libboost-graph1.83-dev
  libboost-iostreams1.83-dev libboost-json1.83-dev libboost-locale1.83-dev
  libboost-log1.83-dev libboost-math1.83-dev libboost-mpi-python1.83-dev
  libboost-mpi1.83-dev libboost-nowide1.83-dev libboost-numpy1.83-dev
  libboost-program-options1.83-dev libboost-python1.83-dev
  libboost-random1.83-dev libboost-regex1.83-dev libboost-stacktrace1.83-dev
  libboost-test1.83-dev libboost-timer1.83-dev libboost-type-erasure1.83-dev
  libboost-url1.83-dev libboost-wave1.83-dev libboost1.83-tools-dev
  libmpfrc++-dev libntl-dev libc-devtools glibc-doc dpkg-dev libcurl4-doc
  libidn-dev gdbm-l10n gmp-doc libgmp10-doc libmpfr-dev dns-root-data
  gnutls-bin gnutls-doc krb5-user libnghttp2-doc p11-kit-doc sensible-utils
  lm-sensors snmp-mibs-downloader libssl-doc libstdc++-14-doc m4-doc perl-doc
  libterm-readline-gnu-perl | libterm-readline-perl-perl
  libtap-harness-archive-perl python3-doc python3-tk python-setuptools-doc
  python3.13-doc binfmt-support readline-doc
Recommended packages:
  bash-completion libfl-dev patch less ssh-client manpages manpages-dev
  krb5-locales libldap-common libgpm2 publicsuffix libsasl2-modules
  libsnmp-perl libtasn1-doc dpkg-dev psmisc linux-sysctl-defaults rust-llvm
The following NEW packages will be installed:
  binutils binutils-aarch64-linux-gnu binutils-common bison ca-certificates
  cargo comerr-dev cpp cpp-14 cpp-14-aarch64-linux-gnu cpp-aarch64-linux-gnu
  curl flex g++ g++-14 g++-14-aarch64-linux-gnu g++-aarch64-linux-gnu gcc
  gcc-14 gcc-14-aarch64-linux-gnu gcc-aarch64-linux-gnu git git-man
  krb5-multidev libasan8 libatomic1 libbinutils libboost-atomic1.83-dev
  libboost-atomic1.83.0 libboost-chrono1.83-dev libboost-chrono1.83.0t64
  libboost-context-dev libboost-context1.83-dev libboost-context1.83.0
  libboost-date-time1.83-dev libboost-date-time1.83.0 libboost-dev
  libboost-filesystem-dev libboost-filesystem1.83-dev
  libboost-filesystem1.83.0 libboost-serialization1.83-dev
  libboost-serialization1.83.0 libboost-system-dev libboost-system1.83-dev
  libboost-system1.83.0 libboost-thread-dev libboost-thread1.83-dev
  libboost-thread1.83.0 libboost1.83-dev libbrotli-dev libbrotli1 libc-dev-bin
  libc6-dev libcap-dev libcc1-0 libcom-err2 libcrypt-dev libctf-nobfd0 libctf0
  libcurl3t64-gnutls libcurl4-openssl-dev libcurl4t64 libedit2 liberror-perl
  libevent-2.1-7t64 libexpat1 libffi8 libfstrm-dev libfstrm0 libgcc-14-dev
  libgdbm-compat4t64 libgdbm6t64 libgit2-1.9 libgmp-dev libgmpxx4ldbl
  libgnutls-dane0t64 libgnutls-openssl27t64 libgnutls28-dev libgnutls30t64
  libgomp1 libgprofng0 libgssapi-krb5-2 libgssrpc4t64 libhttp-parser2.9
  libhwasan0 libidn2-0 libidn2-dev libisl23 libitm1 libjansson4 libk5crypto3
  libkadm5clnt-mit12 libkadm5srv-mit12 libkdb5-10t64 libkeyutils1 libkrb5-3
  libkrb5-dev libkrb5support0 libldap-dev libldap2 libllvm19 liblsan0
  libluajit-5.1-2 libluajit-5.1-common libluajit-5.1-dev libmariadb3
  libmbedcrypto16 libmbedtls21 libmbedx509-7 libmpc3 libmpfr6 libncursesw6
  libnetsnmptrapd40t64 libnghttp2-14 libnghttp2-dev libnghttp3-9
  libnghttp3-dev libngtcp2-16 libngtcp2-crypto-gnutls8 libp11-kit-dev
  libp11-kit0 libpci-dev libpci3 libperl5.40 libpkgconf3 libproc2-0 libpsl-dev
  libpsl5t64 libpython3-stdlib libpython3.13-minimal libpython3.13-stdlib
  libreadline8t64 librtmp-dev librtmp1 libsasl2-2 libsasl2-modules-db
  libsensors-config libsensors-dev libsensors5 libsframe1 libsnmp-base
  libsnmp-dev libsnmp40t64 libsodium-dev libsodium23 libssh2-1-dev
  libssh2-1t64 libssl-dev libstd-rust-1.85 libstd-rust-dev libstdc++-14-dev
  libsystemd-dev libtasn1-6 libtasn1-6-dev libtsan2 libubsan1 libudev-dev
  libunbound8 libunistring5 libwrap0 libwrap0-dev libxml2 libz3-4 libzstd-dev
  linux-libc-dev m4 mariadb-common media-types meson mysql-common netbase
  nettle-dev ninja-build openssl pci.ids perl perl-modules-5.40 pkg-config
  pkgconf pkgconf-bin procps python3 python3-autocommand python3-inflect
  python3-jaraco.context python3-jaraco.functools python3-jaraco.text
  python3-minimal python3-more-itertools python3-pip-whl python3-pkg-resources
  python3-setuptools python3-setuptools-whl python3-typeguard
  python3-typing-extensions python3-venv python3-zipp python3.13
  python3.13-minimal python3.13-venv ragel readline-common rpcsvc-proto rustc
  zlib1g-dev
The following packages will be upgraded:
  libssl3t64 openssl-provider-legacy
2 upgraded, 205 newly installed, 0 to remove and 0 not upgraded.
Need to get 237 MB of archives.
After this operation, 1150 MB of additional disk space will be used.
Get:1 http://deb.debian.org/debian trixie/main arm64 m4 arm64 1.4.19-8 [285 kB]
Get:2 http://deb.debian.org/debian trixie/main arm64 flex arm64 2.6.4-8.2+b4 [412 kB]
Get:3 http://deb.debian.org/debian-security trixie-security/main arm64 libexpat1 arm64 2.8.3-1~deb13u1 [109 kB]
Get:4 http://deb.debian.org/debian-security trixie-security/main arm64 openssl-provider-legacy arm64 3.5.7-1~deb13u2 [313 kB]
Get:5 http://deb.debian.org/debian-security trixie-security/main arm64 libssl3t64 arm64 3.5.7-1~deb13u2 [2766 kB]
Get:6 http://deb.debian.org/debian trixie-updates/main arm64 libpython3.13-minimal arm64 3.13.5-2+deb13u4 [856 kB]
Get:7 http://deb.debian.org/debian trixie-updates/main arm64 python3.13-minimal arm64 3.13.5-2+deb13u4 [2003 kB]
Get:8 http://deb.debian.org/debian trixie/main arm64 python3-minimal arm64 3.13.5-1 [27.2 kB]
Get:9 http://deb.debian.org/debian trixie/main arm64 media-types all 13.0.0 [29.3 kB]
Get:10 http://deb.debian.org/debian trixie/main arm64 netbase all 6.5 [12.4 kB]
Get:11 http://deb.debian.org/debian trixie/main arm64 libffi8 arm64 3.4.8-2 [21.3 kB]
Get:12 http://deb.debian.org/debian trixie/main arm64 libncursesw6 arm64 6.5+20250216-2 [124 kB]
Get:13 http://deb.debian.org/debian trixie/main arm64 readline-common all 8.2-6 [69.4 kB]
Get:14 http://deb.debian.org/debian trixie/main arm64 libreadline8t64 arm64 8.2-6 [159 kB]
Get:15 http://deb.debian.org/debian trixie-updates/main arm64 libpython3.13-stdlib arm64 3.13.5-2+deb13u4 [1895 kB]
Get:16 http://deb.debian.org/debian trixie-updates/main arm64 python3.13 arm64 3.13.5-2+deb13u4 [757 kB]
Get:17 http://deb.debian.org/debian trixie/main arm64 libpython3-stdlib arm64 3.13.5-1 [10.2 kB]
Get:18 http://deb.debian.org/debian trixie/main arm64 python3 arm64 3.13.5-1 [28.2 kB]
Get:19 http://deb.debian.org/debian trixie/main arm64 libproc2-0 arm64 2:4.0.4-9 [62.8 kB]
Get:20 http://deb.debian.org/debian trixie/main arm64 procps arm64 2:4.0.4-9 [871 kB]
Get:21 http://deb.debian.org/debian-security trixie-security/main arm64 openssl arm64 3.5.7-1~deb13u2 [1472 kB]
Get:22 http://deb.debian.org/debian trixie/main arm64 ca-certificates all 20250419 [162 kB]
Get:23 http://deb.debian.org/debian trixie/main arm64 perl-modules-5.40 all 5.40.1-6 [3019 kB]
Get:24 http://deb.debian.org/debian trixie/main arm64 libgdbm6t64 arm64 1.24-2 [74.0 kB]
Get:25 http://deb.debian.org/debian trixie/main arm64 libgdbm-compat4t64 arm64 1.24-2 [50.3 kB]
Get:26 http://deb.debian.org/debian trixie/main arm64 libperl5.40 arm64 5.40.1-6 [4142 kB]
Get:27 http://deb.debian.org/debian trixie/main arm64 perl arm64 5.40.1-6 [267 kB]
Get:28 http://deb.debian.org/debian trixie/main arm64 libsframe1 arm64 2.44-3 [77.8 kB]
Get:29 http://deb.debian.org/debian trixie/main arm64 binutils-common arm64 2.44-3 [2509 kB]
Get:30 http://deb.debian.org/debian trixie/main arm64 libbinutils arm64 2.44-3 [660 kB]
Get:31 http://deb.debian.org/debian trixie/main arm64 libgprofng0 arm64 2.44-3 [668 kB]
Get:32 http://deb.debian.org/debian trixie/main arm64 libctf-nobfd0 arm64 2.44-3 [152 kB]
Get:33 http://deb.debian.org/debian trixie/main arm64 libctf0 arm64 2.44-3 [84.2 kB]
Get:34 http://deb.debian.org/debian trixie/main arm64 libjansson4 arm64 2.14-2+b3 [39.2 kB]
Get:35 http://deb.debian.org/debian trixie/main arm64 binutils-aarch64-linux-gnu arm64 2.44-3 [820 kB]
Get:36 http://deb.debian.org/debian trixie/main arm64 binutils arm64 2.44-3 [262 kB]
Get:37 http://deb.debian.org/debian trixie/main arm64 bison arm64 2:3.8.2+dfsg-1+b2 [1149 kB]
Get:38 http://deb.debian.org/debian trixie/main arm64 libbrotli1 arm64 1.1.0-2+b7 [308 kB]
Get:39 http://deb.debian.org/debian trixie/main arm64 libkrb5support0 arm64 1.21.3-5+deb13u1 [32.5 kB]
Get:40 http://deb.debian.org/debian trixie/main arm64 libcom-err2 arm64 1.47.2-3+b11 [24.9 kB]
Get:41 http://deb.debian.org/debian trixie/main arm64 libk5crypto3 arm64 1.21.3-5+deb13u1 [81.4 kB]
Get:42 http://deb.debian.org/debian trixie/main arm64 libkeyutils1 arm64 1.6.3-6 [9716 B]
Get:43 http://deb.debian.org/debian trixie/main arm64 libkrb5-3 arm64 1.21.3-5+deb13u1 [308 kB]
Get:44 http://deb.debian.org/debian trixie/main arm64 libgssapi-krb5-2 arm64 1.21.3-5+deb13u1 [128 kB]
Get:45 http://deb.debian.org/debian trixie/main arm64 libunistring5 arm64 1.3-2 [453 kB]
Get:46 http://deb.debian.org/debian trixie/main arm64 libidn2-0 arm64 2.3.8-2 [107 kB]
Get:47 http://deb.debian.org/debian trixie/main arm64 libsasl2-modules-db arm64 2.1.28+dfsg1-9 [20.1 kB]
Get:48 http://deb.debian.org/debian trixie/main arm64 libsasl2-2 arm64 2.1.28+dfsg1-9 [55.6 kB]
Get:49 http://deb.debian.org/debian trixie/main arm64 libldap2 arm64 2.6.10+dfsg-1 [179 kB]
Get:50 http://deb.debian.org/debian trixie/main arm64 libnghttp2-14 arm64 1.64.0-1.1+deb13u1 [71.6 kB]
Get:51 http://deb.debian.org/debian trixie/main arm64 libnghttp3-9 arm64 1.8.0-1 [63.2 kB]
Get:52 http://deb.debian.org/debian trixie/main arm64 libpsl5t64 arm64 0.21.2-1.1+b1 [57.1 kB]
Get:53 http://deb.debian.org/debian trixie/main arm64 libp11-kit0 arm64 0.25.5-3 [409 kB]
Get:54 http://deb.debian.org/debian trixie/main arm64 libtasn1-6 arm64 4.20.0-2+deb13u1 [47.3 kB]
Get:55 http://deb.debian.org/debian trixie/main arm64 libgnutls30t64 arm64 3.8.9-3+deb13u4 [1379 kB]
Get:56 http://deb.debian.org/debian trixie/main arm64 librtmp1 arm64 2.4+20151223.gitfa8646d.1-2+b5 [56.8 kB]
Get:57 http://deb.debian.org/debian trixie/main arm64 libssh2-1t64 arm64 1.11.1-1+deb13u1 [236 kB]
Get:58 http://deb.debian.org/debian trixie/main arm64 libcurl4t64 arm64 8.14.1-2+deb13u4 [360 kB]
Get:59 http://deb.debian.org/debian trixie/main arm64 libhttp-parser2.9 arm64 2.9.4-6+b2 [20.2 kB]
Get:60 http://deb.debian.org/debian trixie/main arm64 libmbedcrypto16 arm64 3.6.5-0.1~deb13u1 [347 kB]
Get:61 http://deb.debian.org/debian trixie/main arm64 libmbedx509-7 arm64 3.6.5-0.1~deb13u1 [151 kB]
Get:62 http://deb.debian.org/debian trixie/main arm64 libmbedtls21 arm64 3.6.5-0.1~deb13u1 [229 kB]
Get:63 http://deb.debian.org/debian-security trixie-security/main arm64 libgit2-1.9 arm64 1.9.0+ds-2+deb13u1 [518 kB]
Get:64 http://deb.debian.org/debian trixie/main arm64 libedit2 arm64 3.1-20250104-1 [89.3 kB]
Get:65 http://deb.debian.org/debian trixie/main arm64 libxml2 arm64 2.12.7+dfsg+really2.9.14-2.1+deb13u3 [631 kB]
Get:66 http://deb.debian.org/debian trixie/main arm64 libz3-4 arm64 4.13.3-1 [7507 kB]
Get:67 http://deb.debian.org/debian trixie/main arm64 libllvm19 arm64 1:19.1.7-3+b1 [23.3 MB]
Get:68 http://deb.debian.org/debian trixie/main arm64 libstd-rust-1.85 arm64 1.85.0+dfsg3-1 [17.0 MB]
Get:69 http://deb.debian.org/debian trixie/main arm64 libstd-rust-dev arm64 1.85.0+dfsg3-1 [37.7 MB]
Get:70 http://deb.debian.org/debian trixie/main arm64 libisl23 arm64 0.27-1 [601 kB]
Get:71 http://deb.debian.org/debian trixie/main arm64 libmpfr6 arm64 4.2.2-1 [685 kB]
Get:72 http://deb.debian.org/debian trixie/main arm64 libmpc3 arm64 1.3.1-1+b3 [50.5 kB]
Get:73 http://deb.debian.org/debian trixie/main arm64 cpp-14-aarch64-linux-gnu arm64 14.2.0-19 [9169 kB]
Get:74 http://deb.debian.org/debian trixie/main arm64 cpp-14 arm64 14.2.0-19 [1276 B]
Get:75 http://deb.debian.org/debian trixie/main arm64 cpp-aarch64-linux-gnu arm64 4:14.2.0-1 [4832 B]
Get:76 http://deb.debian.org/debian trixie/main arm64 cpp arm64 4:14.2.0-1 [1568 B]
Get:77 http://deb.debian.org/debian trixie/main arm64 libcc1-0 arm64 14.2.0-19 [42.2 kB]
Get:78 http://deb.debian.org/debian trixie/main arm64 libgomp1 arm64 14.2.0-19 [124 kB]
Get:79 http://deb.debian.org/debian trixie/main arm64 libitm1 arm64 14.2.0-19 [24.2 kB]
Get:80 http://deb.debian.org/debian trixie/main arm64 libatomic1 arm64 14.2.0-19 [10.1 kB]
Get:81 http://deb.debian.org/debian trixie/main arm64 libasan8 arm64 14.2.0-19 [2578 kB]
Get:82 http://deb.debian.org/debian trixie/main arm64 liblsan0 arm64 14.2.0-19 [1161 kB]
Get:83 http://deb.debian.org/debian trixie/main arm64 libtsan2 arm64 14.2.0-19 [2383 kB]
Get:84 http://deb.debian.org/debian trixie/main arm64 libubsan1 arm64 14.2.0-19 [1039 kB]
Get:85 http://deb.debian.org/debian trixie/main arm64 libhwasan0 arm64 14.2.0-19 [1442 kB]
Get:86 http://deb.debian.org/debian trixie/main arm64 libgcc-14-dev arm64 14.2.0-19 [2359 kB]
Get:87 http://deb.debian.org/debian trixie/main arm64 gcc-14-aarch64-linux-gnu arm64 14.2.0-19 [17.7 MB]
Get:88 http://deb.debian.org/debian trixie/main arm64 gcc-14 arm64 14.2.0-19 [529 kB]
Get:89 http://deb.debian.org/debian trixie/main arm64 gcc-aarch64-linux-gnu arm64 4:14.2.0-1 [1440 B]
Get:90 http://deb.debian.org/debian trixie/main arm64 gcc arm64 4:14.2.0-1 [5136 B]
Get:91 http://deb.debian.org/debian trixie/main arm64 libc-dev-bin arm64 2.41-12+deb13u3 [59.0 kB]
Get:92 http://deb.debian.org/debian-security trixie-security/main arm64 linux-libc-dev all 6.12.107-1 [2919 kB]
Get:93 http://deb.debian.org/debian trixie/main arm64 libcrypt-dev arm64 1:4.4.38-1 [123 kB]
Get:94 http://deb.debian.org/debian trixie/main arm64 rpcsvc-proto arm64 1.4.3-1+b1 [60.5 kB]
Get:95 http://deb.debian.org/debian trixie/main arm64 libc6-dev arm64 2.41-12+deb13u3 [1626 kB]
Get:96 http://deb.debian.org/debian trixie/main arm64 rustc arm64 1.85.0+dfsg3-1 [3447 kB]
Get:97 http://deb.debian.org/debian trixie/main arm64 cargo arm64 1.85.0+dfsg3-1 [5599 kB]
Get:98 http://deb.debian.org/debian trixie/main arm64 comerr-dev arm64 2.1-1.47.2-3+b11 [56.9 kB]
Get:99 http://deb.debian.org/debian trixie/main arm64 curl arm64 8.14.1-2+deb13u4 [262 kB]
Get:100 http://deb.debian.org/debian trixie/main arm64 libstdc++-14-dev arm64 14.2.0-19 [2295 kB]
Get:101 http://deb.debian.org/debian trixie/main arm64 g++-14-aarch64-linux-gnu arm64 14.2.0-19 [10.1 MB]
Get:102 http://deb.debian.org/debian trixie/main arm64 g++-14 arm64 14.2.0-19 [22.5 kB]
Get:103 http://deb.debian.org/debian trixie/main arm64 g++-aarch64-linux-gnu arm64 4:14.2.0-1 [1200 B]
Get:104 http://deb.debian.org/debian trixie/main arm64 g++ arm64 4:14.2.0-1 [1332 B]
Get:105 http://deb.debian.org/debian trixie/main arm64 libngtcp2-16 arm64 1.11.0-1+deb13u1 [121 kB]
Get:106 http://deb.debian.org/debian trixie/main arm64 libngtcp2-crypto-gnutls8 arm64 1.11.0-1+deb13u1 [28.4 kB]
Get:107 http://deb.debian.org/debian trixie/main arm64 libcurl3t64-gnutls arm64 8.14.1-2+deb13u4 [354 kB]
Get:108 http://deb.debian.org/debian trixie/main arm64 liberror-perl all 0.17030-1 [26.9 kB]
Get:109 http://deb.debian.org/debian trixie/main arm64 git-man all 1:2.47.3-0+deb13u1 [2205 kB]
